RAM Allocation [bytes]
Variable                                                                          Address   Size
------------------------------------------------------------------------------------------------

EEPROM Allocation [bytes]
Variable                                                                          Address   Size
------------------------------------------------------------------------------------------------

Register Allocation
Variable                                                                          Register  Size
------------------------------------------------------------------------------------------------
hit                                                                               R4,R5        2

FLASH Allocation [words]
Function                                                                          Address   Size
------------------------------------------------------------------------------------------------
wait                                                                              0x0005C     24
blink                                                                             0x00074     29
ext_int0_isr                                                                      0x00091      8
ext_int1_isr                                                                      0x00099      1
main                                                                              0x0009A    119
